zadanie: 3ccd093a-457b-4a5e-a253-e376a7ec87c8
  3ccd093a-457b-4a5e-a253-e376a7ec87c8: queued 0%
  3ccd093a-457b-4a5e-a253-e376a7ec87c8: running 3%
  3ccd093a-457b-4a5e-a253-e376a7ec87c8: running 5%
  3ccd093a-457b-4a5e-a253-e376a7ec87c8: running 8%
  3ccd093a-457b-4a5e-a253-e376a7ec87c8: running 10%
  3ccd093a-457b-4a5e-a253-e376a7ec87c8: running 12%
  3ccd093a-457b-4a5e-a253-e376a7ec87c8: running 14%
  3ccd093a-457b-4a5e-a253-e376a7ec87c8: running 17%
  3ccd093a-457b-4a5e-a253-e376a7ec87c8: running 19%
  3ccd093a-457b-4a5e-a253-e376a7ec87c8: running 21%
  3ccd093a-457b-4a5e-a253-e376a7ec87c8: running 23%
  3ccd093a-457b-4a5e-a253-e376a7ec87c8: running 26%
  3ccd093a-457b-4a5e-a253-e376a7ec87c8: running 28%
  3ccd093a-457b-4a5e-a253-e376a7ec87c8: running 30%
  3ccd093a-457b-4a5e-a253-e376a7ec87c8: running 33%
  3ccd093a-457b-4a5e-a253-e376a7ec87c8: running 35%
  3ccd093a-457b-4a5e-a253-e376a7ec87c8: running 37%
  3ccd093a-457b-4a5e-a253-e376a7ec87c8: running 40%
  3ccd093a-457b-4a5e-a253-e376a7ec87c8: running 42%
  3ccd093a-457b-4a5e-a253-e376a7ec87c8: running 44%
  3ccd093a-457b-4a5e-a253-e376a7ec87c8: running 46%
  3ccd093a-457b-4a5e-a253-e376a7ec87c8: running 49%
  3ccd093a-457b-4a5e-a253-e376a7ec87c8: running 51%
  3ccd093a-457b-4a5e-a253-e376a7ec87c8: running 53%
  3ccd093a-457b-4a5e-a253-e376a7ec87c8: running 56%
  3ccd093a-457b-4a5e-a253-e376a7ec87c8: running 58%
  3ccd093a-457b-4a5e-a253-e376a7ec87c8: running 60%
  3ccd093a-457b-4a5e-a253-e376a7ec87c8: running 63%
  3ccd093a-457b-4a5e-a253-e376a7ec87c8: running 65%
  3ccd093a-457b-4a5e-a253-e376a7ec87c8: running 67%
  3ccd093a-457b-4a5e-a253-e376a7ec87c8: running 69%
  3ccd093a-457b-4a5e-a253-e376a7ec87c8: running 72%
  3ccd093a-457b-4a5e-a253-e376a7ec87c8: running 74%
  3ccd093a-457b-4a5e-a253-e376a7ec87c8: running 76%
  3ccd093a-457b-4a5e-a253-e376a7ec87c8: success 100%
OK art_src/world/tripo/workshop.glb 13.6 MB, zużycie: 30.0 kredytów, task_id=3ccd093a-457b-4a5e-a253-e376a7ec87c8
